8 1
4 2
10 3
8 2
9 1
3 9
1 7
10 4
6 9
1 2
6 3
9 10
8 10
2 7
4 3
7 8
8 6
7 4
3 1
2 6
